HTTP 404	https://app.skylit.ai/favicon.ico
HTTP 404	https://app.skylit.ai/avatars/glitch.png
HTTP 404	https://app.skylit.ai/_next/static/chunks/static/chunks/5811.d4121b75be334194.js
HTTP 404	https://app.skylit.ai/_next/static/chunks/static/chunks/9173.818b1356d253fdba.js
HTTP 404	https://app.skylit.ai/_next/static/chunks/static/chunks/889.705341f080349919.js
HTTP 404	https://app.skylit.ai/_next/static/chunks/static/chunks/7273.e70d399edac3fa43.js
HTTP 404	https://app.skylit.ai/config.js
HTTP 404	https://app.skylit.ai/screenshot-mobile.png
HTTP 404	https://app.skylit.ai/screenshot-desktop.png
HTTP 404	https://docs.skylit.ai/mintlify-assets/_next/static/chunks/static/chunks/bb250c9682fa2050.js
HTTP 404	https://docs.skylit.ai/mintlify-assets/_next/static/chunks/static/chunks/b32535d7748ff90b.js
HTTP 404	https://docs.skylit.ai/mintlify-assets/_next/static/chunks/static/chunks/6f7c0c24933652d0.js
HTTP 404	https://docs.skylit.ai/mintlify-assets/_next/static/chunks/static/chunks/31f7d10d729ba249.js
HTTP 404	https://docs.skylit.ai/mintlify-assets/_next/static/chunks/static/chunks/bcbf1ee8cddafe16.js
HTTP 404	https://docs.skylit.ai/mintlify-assets/_next/static/chunks/static/chunks/02d778bbf5ddcfca.js
HTTP 404	https://docs.skylit.ai/node_modules/gulp-browserify/node_modules/base64-js/lib/b64.js
HTTP 404	https://docs.skylit.ai/node_modules/gulp-browserify/node_modules/crypto-browserify/md5.js
HTTP 404	https://docs.skylit.ai/node_modules/gulp-browserify/node_modules/crypto-browserify/sha.js
HTTP 404	https://docs.skylit.ai/node_modules/gulp-browserify/node_modules/process/browser.js
HTTP 404	https://docs.skylit.ai/fake_9a5aa49d.js
HTTP 404	https://docs.skylit.ai/node_modules/gulp-browserify/node_modules/ieee754/index.js
HTTP 404	https://docs.skylit.ai/node_modules/gulp-browserify/node_modules/crypto-browserify/helpers.js
HTTP 404	https://docs.skylit.ai/node_modules/gulp-browserify/node_modules/buffer/index.js
HTTP 404	https://docs.skylit.ai/node_modules/gulp-browserify/node_modules/crypto-browserify/rng.js
HTTP 404	https://docs.skylit.ai/node_modules/gulp-browserify/node_modules/crypto-browserify/index.js
HTTP 404	https://docs.skylit.ai/node_modules/gulp-browserify/node_modules/crypto-browserify/sha256.js
HTTP 404	https://docs.skylit.ai/mintlify-assets/_next/static/chunks/static/chunks/4224158070c03123.js
HTTP 404	https://docs.skylit.ai/mintlify-assets/_next/static/chunks/static/chunks/ac0b8ca463ac8a72.js
HTTP 404	https://docs.skylit.ai/mintlify-assets/_next/static/chunks/static/chunks/05981cd52a5f1789.js
HTTP 404	https://docs.skylit.ai/mintlify-assets/_next/static/chunks/static/chunks/06f4f5bd27417652.js
HTTP 404	https://docs.skylit.ai/mintlify-assets/_next/static/chunks/static/chunks/f3e298814de4a0ba.js
HTTP 404	https://docs.skylit.ai/mintlify-assets/_next/static/chunks/static/chunks/0c2ead2bf7d1b29c.js
HTTP 404	https://docs.skylit.ai/mintlify-assets/_next/static/chunks/static/chunks/bc9453510e692be9.js
HTTP 404	https://docs.skylit.ai/mintlify-assets/_next/static/chunks/static/chunks/3c58d19c05d9ffd3.js
HTTP 404	https://docs.skylit.ai/mintlify-assets/_next/static/chunks/static/chunks/9091e40ba4b42d37.js
HTTP 404	https://docs.skylit.ai/mintlify-assets/_next/static/chunks/static/chunks/2c8639da3948c8ed.js
HTTP 404	https://docs.skylit.ai/mintlify-assets/_next/static/chunks/static/chunks/666387124bfc94be.js
HTTP 404	https://docs.skylit.ai/mintlify-assets/_next/static/chunks/static/chunks/7e5f6a3765d93fb0.js
HTTP 404	https://docs.skylit.ai/mintlify-assets/_next/static/chunks/static/chunks/4d8374b1f183ef74.js
HTTP 404	https://docs.skylit.ai/mintlify-assets/_next/static/chunks/static/chunks/14f2ed7e6024d7d2.js
HTTP 404	https://docs.skylit.ai/mintlify-assets/_next/static/chunks/static/chunks/190e2d29d3b2239b.js
HTTP 404	https://docs.skylit.ai/mintlify-assets/_next/static/chunks/static/chunks/8a5094daa124fc24.js
HTTP 404	https://docs.skylit.ai/mintlify-assets/_next/static/chunks/static/chunks/a6933f515e0d2a47.js
HTTP 404	https://docs.skylit.ai/mintlify-assets/_next/static/chunks/static/chunks/95fef582011c65f2.js
HTTP 404	https://docs.skylit.ai/mintlify-assets/_next/static/chunks/static/chunks/ff974c6d191832cc.js
HTTP 404	https://docs.skylit.ai/mintlify-assets/_next/static/chunks/static/chunks/ed88cfc7e74474a3.js
HTTP 404	https://docs.skylit.ai/mintlify-assets/_next/static/chunks/static/chunks/4cb79010ed8ab45e.js
HTTP 404	https://docs.skylit.ai/mintlify-assets/_next/static/chunks/static/chunks/0027ebbbaa2820b8.js
HTTP 404	https://docs.skylit.ai/mintlify-assets/_next/static/chunks/static/chunks/28412a8712bb7371.js
HTTP 404	https://docs.skylit.ai/mintlify-assets/_next/static/chunks/static/chunks/b68feedf3a8d8b4a.js
HTTP 404	https://docs.skylit.ai/mintlify-assets/_next/static/chunks/static/chunks/2869b80c0b92e005.js
HTTP 404	https://docs.skylit.ai/mintlify-assets/_next/static/chunks/static/chunks/3688bfc73dfb1295.js
HTTP 404	https://docs.skylit.ai/mintlify-assets/_next/static/chunks/static/chunks/3c5e7e4e8806f167.js
HTTP 404	https://docs.skylit.ai/mintlify-assets/_next/static/chunks/static/chunks/77a698387dbfcafa.js
HTTP 404	https://docs.skylit.ai/mintlify-assets/_next/static/chunks/static/chunks/a2b1c0e58c75517b.js
HTTP 404	https://docs.skylit.ai/mintlify-assets/_next/static/chunks/static/chunks/c15e003f25bc685a.js
HTTP 404	https://docs.skylit.ai/mintlify-assets/_next/static/chunks/static/chunks/f486afc314643ce1.js
HTTP 404	https://docs.skylit.ai/mintlify-assets/_next/static/chunks/static/chunks/6d55b684068fd47e.js
HTTP 404	https://docs.skylit.ai/mintlify-assets/_next/static/chunks/static/chunks/44795504c795ca32.js
HTTP 404	https://docs.skylit.ai/mintlify-assets/_next/static/chunks/static/chunks/3c7a0825c36ec3f6.js
HTTP 404	https://docs.skylit.ai/mintlify-assets/_next/static/chunks/static/chunks/9eac3607e9aa8098.js
HTTP 404	https://docs.skylit.ai/mintlify-assets/_next/static/chunks/static/chunks/88aea17bd13e4d38.js
HTTP 404	https://docs.skylit.ai/mintlify-assets/_next/static/chunks/static/chunks/ffe460cdbc2efcef.js
HTTP 404	https://docs.skylit.ai/mintlify-assets/_next/static/chunks/static/chunks/51abdda240eec2a3.js
HTTP 404	https://docs.skylit.ai/mintlify-assets/_next/static/chunks/static/chunks/190f7abfa78edae5.js
HTTP 404	https://docs.skylit.ai/mintlify-assets/_next/static/chunks/static/chunks/0eb894a8519f24ea.js
HTTP 404	https://docs.skylit.ai/mintlify-assets/_next/static/chunks/static/chunks/1b6485cfb3927e87.js
HTTP 404	https://docs.skylit.ai/mintlify-assets/_next/static/chunks/static/chunks/ca8fe0ccebe75085.js
HTTP 404	https://docs.skylit.ai/mintlify-assets/_next/static/chunks/static/chunks/deaf7681cc77d709.js
HTTP 404	https://docs.skylit.ai/mintlify-assets/_next/static/chunks/static/chunks/5c76a576221b8d9f.js
HTTP 404	https://docs.skylit.ai/mintlify-assets/_next/static/chunks/static/chunks/e08676b8fb410aed.js
HTTP 404	https://docs.skylit.ai/mintlify-assets/_next/static/chunks/static/chunks/329b5be61330e31a.js
HTTP 404	https://docs.skylit.ai/mintlify-assets/_next/static/chunks/static/chunks/2dd53f5a4cfe6dd5.js
HTTP 404	https://docs.skylit.ai/mintlify-assets/_next/static/chunks/static/chunks/dbf04b026f4cd8d7.js
HTTP 404	https://docs.skylit.ai/mintlify-assets/_next/static/chunks/static/chunks/e35bd78ebe5f8f9f.js
HTTP 404	https://docs.skylit.ai/mintlify-assets/_next/static/chunks/static/chunks/0fd6f8b6a55e377d.js
HTTP 404	https://docs.skylit.ai/mintlify-assets/_next/static/chunks/static/chunks/02488abea7c0776f.js
HTTP 404	https://docs.skylit.ai/mintlify-assets/_next/static/chunks/static/chunks/21ae0c89a95d3866.js
HTTP 404	https://docs.skylit.ai/mintlify-assets/_next/static/chunks/static/chunks/81ea590a519c82d1.js
HTTP 404	https://docs.skylit.ai/mintlify-assets/_next/static/chunks/static/chunks/3aa704238c912684.js
HTTP 404	https://docs.skylit.ai/mintlify-assets/_next/static/chunks/static/chunks/263c4141d29c317a.js
HTTP 404	https://docs.skylit.ai/mintlify-assets/_next/static/chunks/static/chunks/dedd270bd273b9f1.css
HTTP 404	https://docs.skylit.ai/mintlify-assets/_next/static/chunks/static/chunks/23ca30f14cd149f3.js
HTTP 404	https://docs.skylit.ai/mintlify-assets/_next/static/chunks/static/chunks/480697d5e64c5f4c.js
HTTP 404	https://docs.skylit.ai/mintlify-assets/_next/static/chunks/static/chunks/6742215b8d63006d.js
HTTP 404	https://docs.skylit.ai/mintlify-assets/_next/static/chunks/static/chunks/7322c73bb6d8d6cd.js
HTTP 404	https://docs.skylit.ai/mintlify-assets/_next/static/chunks/static/chunks/2c5183494b8240c2.js
HTTP 404	https://docs.skylit.ai/mintlify-assets/_next/static/chunks/static/chunks/45e181f5833b9620.js
HTTP 404	https://docs.skylit.ai/mintlify-assets/_next/static/chunks/static/chunks/7eb502f79ae957c5.js
HTTP 404	https://docs.skylit.ai/mintlify-assets/_next/static/chunks/static/chunks/4523f4337cf2bf32.js
HTTP 404	https://docs.skylit.ai/mintlify-assets/_next/static/chunks/static/chunks/afcf122a0b34530b.js
HTTP 404	https://docs.skylit.ai/analytics.min.js
HTTP 404	https://docs.skylit.ai/api-reference/flow/per-ticker-net-premium-time-series-&quot;flow-tide&quot;
HTTP 404	https://docs.skylit.ai/favicons/mstile-150x150.png
HTTP 404	https://docs.skylit.ai/api-reference/flow/per-ticker-net-premium-time-series-"flow-tide
HTTP 404	https://docs.skylit.ai/patternpedia/images/FZ0uYJot5RkJXcUyjXNL.png
HTTP 404	https://docs.skylit.ai/patternpedia/images/bHQGECH6DeIaKVtmcBit.png
HTTP 404	https://docs.skylit.ai/patternpedia/images/CL5bULV2qcD6G26cWzND.png
HTTP 404	https://docs.skylit.ai/flowseeker/images/image-27.png
HTTP 404	https://docs.skylit.ai/flowseeker/images/image-24.png
HTTP 404	https://docs.skylit.ai/flowseeker/images/image-37.png
HTTP 404	https://docs.skylit.ai/flowseeker/images/image-36.png
HTTP 404	https://docs.skylit.ai/flowseeker/images/image-16.png
HTTP 404	https://docs.skylit.ai/flowseeker/images/image-20.png
HTTP 404	https://docs.skylit.ai/flowseeker/images/image-34.png
HTTP 404	https://docs.skylit.ai/flowseeker/images/image-30.png
HTTP 404	https://docs.skylit.ai/flowseeker/images/image-25.png
HTTP 404	https://docs.skylit.ai/flowseeker/images/image-23.png
HTTP 404	https://docs.skylit.ai/flowseeker/images/flowseeker-live-feed.png
HTTP 404	https://docs.skylit.ai/flowseeker/images/image-31.png
HTTP 404	https://docs.skylit.ai/flowseeker/images/image-14.png
HTTP 404	https://docs.skylit.ai/flowseeker/images/image-18.png
HTTP 404	https://docs.skylit.ai/flowseeker/images/image-19.png
HTTP 404	https://docs.skylit.ai/flowseeker/images/image-26.png
HTTP 404	https://docs.skylit.ai/flowseeker/images/image-28.png
HTTP 404	https://docs.skylit.ai/flowseeker/images/image-32.png
HTTP 404	https://docs.skylit.ai/flowseeker/images/image-29.png
HTTP 404	https://docs.skylit.ai/flowseeker/images/image-33.png
HTTP 404	https://docs.skylit.ai/flowseeker/images/image-22.png
HTTP 404	https://docs.skylit.ai/patternpedia/images/pw1JiKFO8i5UEYRbl4iU.png
HTTP 404	https://docs.skylit.ai/patternpedia/images/uFffBbtMXEzquH6PYgxS.png
HTTP 404	https://docs.skylit.ai/patternpedia/images/k1nPigyIgDc5wA0xifBN.png
HTTP 404	https://docs.skylit.ai/patternpedia/images/4yrq9E1woZW5E0Z15dY2.png
HTTP 404	https://docs.skylit.ai/patternpedia/images/ctVeID1euuyFRQnOeeZo.png
HTTP 404	https://docs.skylit.ai/atlas/images/image-4.png
HTTP 404	https://docs.skylit.ai/atlas/images/image-3.png
HTTP 404	https://docs.skylit.ai/atlas/images/image-1.png
HTTP 404	https://docs.skylit.ai/atlas/images/image.png
HTTP 404	https://docs.skylit.ai/atlas/images/atlas-layout-switcher.png
HTTP 404	https://docs.skylit.ai/atlas/images/image-9.png
HTTP 404	https://docs.skylit.ai/atlas/images/image-5.png
HTTP 404	https://docs.skylit.ai/atlas/images/image-11.png
HTTP 404	https://docs.skylit.ai/atlas/images/image-7.png
HTTP 404	https://docs.skylit.ai/atlas/images/image-2.png
HTTP 404	https://docs.skylit.ai/atlas/images/image-6.png
HTTP 404	https://docs.skylit.ai/atlas/images/image-10.png
HTTP 404	https://docs.skylit.ai/atlas/images/image-8.png
HTTP 404	https://docs.skylit.ai/atlas/images/skylit-screenshot-1782572144524.png
HTTP 404	https://docs.skylit.ai/patternpedia/images/1mLmPgxJw4whEwuUhGve.png
HTTP 404	https://docs.skylit.ai/patternpedia/images/eHLvk5dntEECbfaFwqXW.png
HTTP 404	https://docs.skylit.ai/patternpedia/images/Ihh33odYBSSF82qA1c6v.png
HTTP 404	https://docs.skylit.ai/patternpedia/images/3nxqKIK77OvKkU3JA0QO.png
HTTP 404	https://docs.skylit.ai/patternpedia/images/t7IoEhcJuuq1zmbqfbck.png
HTTP 404	https://docs.skylit.ai/patternpedia/images/Q6ZzL1pez7OensQSOmHj.png
HTTP 404	https://docs.skylit.ai/atlas/images/atlas-drawing-presets-panel.png
HTTP 404	https://docs.skylit.ai/atlas/images/atlas-drawing-presets-golden-pocket.png
HTTP 404	https://docs.skylit.ai/atlas/images/atlas-drawing-presets-dirty.png
HTTP 404	https://docs.skylit.ai/atlas/images/atlas-drawing-presets-dropdown.png
HTTP 404	https://docs.skylit.ai/patternpedia/images/tdBPdoX92FJnpianx55z.png
HTTP 404	https://docs.skylit.ai/patternpedia/images/uogv5I4yTg53J4BxQNGx.png
HTTP 404	https://docs.skylit.ai/patternpedia/images/rSrfnbAzb5Xmf3QGWQGf.png
HTTP 404	https://docs.skylit.ai/patternpedia/images/bJHXsK2kpRNOwjL3MBrX.png
HTTP 404	https://docs.skylit.ai/patternpedia/images/iP49OgscI6OOHCcgbuLy.png
HTTP 404	https://docs.skylit.ai/patternpedia/images/5bzoREtWnLNE534wgWnU.png
HTTP 404	https://docs.skylit.ai/mintlify-assets/_next/static/chunks/static/chunks/160f2155dca7fadd.js
HTTP 404	https://docs.skylit.ai/mintlify-assets/_next/static/chunks/static/chunks/eadbb6e9b2268d0e.js
HTTP 404	https://docs.skylit.ai/mintlify-assets/_next/static/chunks/static/chunks/59d979e1e2dc6193.js
HTTP 404	https://docs.skylit.ai/mintlify-assets/_next/static/chunks/static/chunks/3ad53818043c354f.js
HTTP 404	https://docs.skylit.ai/mintlify-assets/_next/static/chunks/static/chunks/69001996621640c9.js
HTTP 404	https://docs.skylit.ai/mintlify-assets/_next/static/chunks/static/chunks/220612afcff572f9.js
HTTP 404	https://docs.skylit.ai/mintlify-assets/_next/static/chunks/static/chunks/42e4ea34f2284286.js
HTTP 404	https://docs.skylit.ai/mintlify-assets/_next/static/chunks/static/chunks/8c6c8657a60a9739.js
HTTP 404	https://docs.skylit.ai/mintlify-assets/_next/static/chunks/static/chunks/7a1625af8aa52c39.js
HTTP 404	https://docs.skylit.ai/mintlify-assets/_next/static/chunks/static/chunks/5d229df5019d6f2d.js
HTTP 404	https://docs.skylit.ai/mintlify-assets/_next/static/chunks/static/chunks/70b8bbed533baded.js
HTTP 404	https://docs.skylit.ai/mintlify-assets/_next/static/chunks/static/chunks/e307bc640970508f.js
HTTP 404	https://docs.skylit.ai/mintlify-assets/_next/static/chunks/static/chunks/6f04dbb31b3b2afc.css
HTTP 404	https://docs.skylit.ai/mintlify-assets/_next/static/chunks/static/chunks/f655913f522332ea.js
HTTP 404	https://docs.skylit.ai/mintlify-assets/_next/static/chunks/static/chunks/4a666dc6bc200860.js
